[1;34mLoading tests/testing.mkr...[m
color mode: off[m
λa.a ⇒ I, ifelse, id[m[m
λa.a ⇒ I, ifelse, id[m[m
λa.λb.b ⇒ nil, 0, false[m[m
λa.λb.b ⇒ nil, 0, false[m[m
λa.λb.(a (a (a (a (a (a b)))))) ⇒ 6[m[m
λa.λb.λc.λd.λe.((((a (a (a b))) c) (((a (a b)) ((a (a (a b))) c)) d)) e)[m
λa.λb.a ⇒ K, true, const[m[m
λa.a ⇒ I, ifelse, id[m[m
λa.λb.(a (a (a (a (a (a b)))))) ⇒ 6[m[m
λa.λb.(a (a (a (a (a (a b)))))) ⇒ 6[m[m
types: on[m
λa.λb.(a (a (a (a (a (a b)))))) ⇒ 6[m :: (A → A) → A → A[m[m
verbose: on[m
((plus 3) 2)
((λλλλ((4 2) ((3 2) 1)) λλ(2 (2 (2 1)))) λλ(2 (2 1)))
(λλλ((λλ(2 (2 (2 1))) 2) ((3 2) 1)) λλ(2 (2 1)))
λλ((λλ(2 (2 (2 1))) 2) ((λλ(2 (2 1)) 2) 1))
λλ(λ(3 (3 (3 1))) (λ(3 (3 1)) 1))
λλ(2 (2 (2 (λ(3 (3 1)) 1))))
λλ(2 (2 (2 (2 (2 1)))))

λa.λb.(a (a (a (a (a b))))) ⇒ 5[m :: (A → A) → A → A[m[m
